[2026-05-08T20:11:19.973+0000] {local_task_job_runner.py:120} INFO - ::group::Pre task execution logs
[2026-05-08T20:11:19.987+0000] {taskinstance.py:2076} INFO - Dependencies all met for dep_context=non-requeueable deps ti=<TaskInstance: produce_json.get_video_ids scheduled__2026-05-07T19:00:00+00:00 [queued]>
[2026-05-08T20:11:19.992+0000] {taskinstance.py:2076} INFO - Dependencies all met for dep_context=requeueable deps ti=<TaskInstance: produce_json.get_video_ids scheduled__2026-05-07T19:00:00+00:00 [queued]>
[2026-05-08T20:11:19.993+0000] {taskinstance.py:2306} INFO - Starting attempt 1 of 1
[2026-05-08T20:11:20.000+0000] {taskinstance.py:2330} INFO - Executing <Task(_PythonDecoratedOperator): get_video_ids> on 2026-05-07 19:00:00+00:00
[2026-05-08T20:11:20.006+0000] {standard_task_runner.py:63} INFO - Started process 630 to run task
[2026-05-08T20:11:20.010+0000] {standard_task_runner.py:90} INFO - Running: ['airflow', 'tasks', 'run', 'produce_json', 'get_video_ids', 'scheduled__2026-05-07T19:00:00+00:00', '--job-id', '6', '--raw', '--subdir', 'DAGS_FOLDER/main.py', '--cfg-path', '/tmp/tmp9npjdyqr']
[2026-05-08T20:11:20.011+0000] {standard_task_runner.py:91} INFO - Job 6: Subtask get_video_ids
[2026-05-08T20:11:20.061+0000] {task_command.py:426} INFO - Running <TaskInstance: produce_json.get_video_ids scheduled__2026-05-07T19:00:00+00:00 [running]> on host c335ca10ee06
[2026-05-08T20:11:20.121+0000] {taskinstance.py:2648} INFO - Exporting env vars: AIRFLOW_CTX_DAG_EMAIL='data@engineers.com' AIRFLOW_CTX_DAG_OWNER='dataengineers' AIRFLOW_CTX_DAG_ID='produce_json' AIRFLOW_CTX_TASK_ID='get_video_ids' AIRFLOW_CTX_EXECUTION_DATE='2026-05-07T19:00:00+00:00' AIRFLOW_CTX_TRY_NUMBER='1' AIRFLOW_CTX_DAG_RUN_ID='scheduled__2026-05-07T19:00:00+00:00'
[2026-05-08T20:11:20.122+0000] {taskinstance.py:430} INFO - ::endgroup::
[2026-05-08T20:11:20.267+0000] {taskinstance.py:441} INFO - ::group::Post task execution logs
[2026-05-08T20:11:20.269+0000] {taskinstance.py:2905} ERROR - Task failed with exception
Traceback (most recent call last):
  File "/home/airflow/.local/lib/python3.10/site-packages/airflow/models/taskinstance.py", line 465, in _execute_task
    result = _execute_callable(context=context, **execute_callable_kwargs)
  File "/home/airflow/.local/lib/python3.10/site-packages/airflow/models/taskinstance.py", line 432, in _execute_callable
    return execute_callable(context=context, **execute_callable_kwargs)
  File "/home/airflow/.local/lib/python3.10/site-packages/airflow/models/baseoperator.py", line 401, in wrapper
    return func(self, *args, **kwargs)
  File "/home/airflow/.local/lib/python3.10/site-packages/airflow/decorators/base.py", line 265, in execute
    return_value = super().execute(context)
  File "/home/airflow/.local/lib/python3.10/site-packages/airflow/models/baseoperator.py", line 401, in wrapper
    return func(self, *args, **kwargs)
  File "/home/airflow/.local/lib/python3.10/site-packages/airflow/operators/python.py", line 235, in execute
    return_value = self.execute_callable()
  File "/home/airflow/.local/lib/python3.10/site-packages/airflow/operators/python.py", line 252, in execute_callable
    return self.python_callable(*self.op_args, **self.op_kwargs)
  File "/opt/airflow/dags/api/video_stats.py", line 78, in get_video_ids
    raise e
  File "/opt/airflow/dags/api/video_stats.py", line 62, in get_video_ids
    response.raise_for_status()
  File "/home/airflow/.local/lib/python3.10/site-packages/requests/models.py", line 1021, in raise_for_status
    raise HTTPError(http_error_msg, response=self)
requests.exceptions.HTTPError: 400 Client Error: Bad Request for url: https://youtube.googleapis.com/youtube/v3/playlistItems?part=contentDetails&maxResults=50&playlistId=%7B%7B%20task_instance.xcom_pull(task_ids='get_playlist_id',%20dag_id='adhoc_airflow',%20key='return_value')%20%7D%7D&key=***
[2026-05-08T20:11:20.285+0000] {taskinstance.py:1206} INFO - Marking task as FAILED. dag_id=produce_json, task_id=get_video_ids, run_id=scheduled__2026-05-07T19:00:00+00:00, execution_date=20260507T190000, start_date=20260508T201119, end_date=20260508T201120
[2026-05-08T20:11:20.294+0000] {standard_task_runner.py:110} ERROR - Failed to execute job 6 for task get_video_ids (400 Client Error: Bad Request for url: https://youtube.googleapis.com/youtube/v3/playlistItems?part=contentDetails&maxResults=50&playlistId=%7B%7B%20task_instance.xcom_pull(task_ids='get_playlist_id',%20dag_id='adhoc_airflow',%20key='return_value')%20%7D%7D&key=***; 630)
[2026-05-08T20:11:20.342+0000] {local_task_job_runner.py:240} INFO - Task exited with return code 1
[2026-05-08T20:11:20.359+0000] {taskinstance.py:3503} INFO - 0 downstream tasks scheduled from follow-on schedule check
[2026-05-08T20:11:20.363+0000] {local_task_job_runner.py:222} INFO - ::endgroup::
